// Jest Snapshot v1, https://goo.gl/fbAQLP

exports[`matches snapshot 1`] = `
<DocumentFragment>
  <div>
    <nav
      class="navbar navbar-expand-md navbar-dark bg-dark fixed-top"
      toggle="true"
    >
      <div
        class="container-fluid"
      >
        <a
          class="navbar-brand"
          href="/"
        >
          jobly
        </a>
        <button
          aria-label="Toggle navigation"
          class="navbar-toggler"
          type="button"
        >
          <span
            class="navbar-toggler-icon"
          />
        </button>
        <div
          class="collapse navbar-collapse"
        >
          <ul
            class="me-auto navbar-nav"
          >
            <li
              class="nav-item"
            >
              <a
                class="nav-link"
                href="/companies/"
              >
                Companies
              </a>
            </li>
            <li
              class="nav-item"
            >
              <a
                class="nav-link"
                href="/companies/apple"
              >
                Apple Company
              </a>
            </li>
            <li
              class="nav-item"
            >
              <a
                class="nav-link"
                href="/jobs"
              >
                Jobs
              </a>
            </li>
            <li
              class="nav-item"
            >
              <a
                class="nav-link"
                href="/login"
              >
                Login
              </a>
            </li>
            <li
              class="nav-item"
            >
              <a
                class="nav-link"
                href="/signup"
              >
                Signup
              </a>
            </li>
            <li
              class="nav-item"
            >
              <a
                class="nav-link"
                href="/profile"
              >
                Profile
              </a>
            </li>
            <li
              class="dropdown nav-item"
            >
              <a
                aria-expanded="false"
                aria-haspopup="true"
                class="dropdown-toggle nav-link"
                href="#"
              >
                Options
              </a>
              <div
                aria-hidden="true"
                class="dropdown-menu dropdown-menu-end"
                data-bs-popper="static"
                role="menu"
                tabindex="-1"
              >
                <button
                  class="dropdown-item"
                  role="menuitem"
                  tabindex="0"
                >
                  Option 1
                </button>
                <button
                  class="dropdown-item"
                  role="menuitem"
                  tabindex="0"
                >
                  Option 2
                </button>
                <div
                  class="dropdown-divider"
                  tabindex="-1"
                />
                <button
                  class="dropdown-item"
                  role="menuitem"
                  tabindex="0"
                >
                  Reset
                </button>
              </div>
            </li>
          </ul>
        </div>
      </div>
    </nav>
  </div>
</DocumentFragment>
`;
